SELECT jsonknife_extract_date('{"a":{"b": {"c": "1980"}}}', '.a.b.c', 'date', 'min');
       jsonknife_extract_date       
------------------------------
 Tue Jan 01 00:00:00 1980 PST
(1 row)

SELECT jsonknife_extract_date('{"a":{"b": {"c": "1980-02"}}}', '.a.b.c', 'date', 'min');
       jsonknife_extract_date       
------------------------------
 Fri Feb 01 00:00:00 1980 PST
(1 row)

SELECT jsonknife_extract_date('{"a":{"b": {"c": "1980-02-05"}}}', '.a.b.c', 'date', 'min');
       jsonknife_extract_date       
------------------------------
 Tue Feb 05 00:00:00 1980 PST
(1 row)

SELECT jsonknife_extract_date('{"a":{"b": {"c": "1980-02-05T08"}}}', '.a.b.c', 'date', 'min');
       jsonknife_extract_date       
------------------------------
 Tue Feb 05 08:00:00 1980 PST
(1 row)

SELECT jsonknife_extract_date('{"a":{"b": {"c": "1980-02-05T08:30"}}}', '.a.b.c', 'date', 'min');
       jsonknife_extract_date       
------------------------------
 Tue Feb 05 08:30:00 1980 PST
(1 row)

SELECT jsonknife_extract_date('{"a":["1980-02-05T08:30", "1976-01", "1952-02-03"]}', '.a', 'date', 'min');
       jsonknife_extract_date       
------------------------------
 Sun Feb 03 00:00:00 1952 PST
(1 row)

SELECT jsonknife_extract_date('{"a":{"b": {"c": "1980"}}}', '.a.b.c', 'date', 'max');
          jsonknife_extract_date           
-------------------------------------
 Wed Dec 31 23:59:59.999999 1980 PST
(1 row)

SELECT jsonknife_extract_date('{"a":{"b": {"c": "1980-02"}}}', '.a.b.c', 'date', 'max');
          jsonknife_extract_date           
-------------------------------------
 Fri Feb 29 23:59:59.999999 1980 PST
(1 row)

SELECT jsonknife_extract_date('{"a":{"b": {"c": "1980-02-05"}}}', '.a.b.c', 'date', 'max');
          jsonknife_extract_date           
-------------------------------------
 Tue Feb 05 23:59:59.999999 1980 PST
(1 row)

SELECT jsonknife_extract_date('{"a":{"b": {"c": "1980-02-05T08"}}}', '.a.b.c', 'date', 'max');
          jsonknife_extract_date           
-------------------------------------
 Tue Feb 05 08:59:59.999999 1980 PST
(1 row)

SELECT jsonknife_extract_date('{"a":{"b": {"c": "1980-02-05T08:30"}}}', '.a.b.c', 'date', 'max');
          jsonknife_extract_date           
-------------------------------------
 Tue Feb 05 08:30:59.999999 1980 PST
(1 row)

SELECT jsonknife_extract_date('{"a":{"b": {"c": "1980-02-05T08:30+05"}}}', '.a.b.c', 'date', 'max');
          jsonknife_extract_date           
-------------------------------------
 Mon Feb 04 19:30:00.999999 1980 PST
(1 row)

SELECT jsonknife_extract_date('{"a":["1980-02-05T08:30", "1976-01", "1952-02-03"]}', '.a', 'date', 'max');
          jsonknife_extract_date           
-------------------------------------
 Tue Feb 05 08:30:59.999999 1980 PST
(1 row)

--- time
SELECT jsonknife_extract_date('{"time": "11:00:00" }', '.time', 'time' , 'max');
ERROR:  invalid input syntax for type timestamp with time zone: "11:00:0001T00:00:00"
SELECT jsonknife_extract_date('{"time": "11:00:00" }', '.time', 'time' , 'min');
ERROR:  invalid input syntax for type timestamp with time zone: "11:00:0001T00:00:00"
SELECT jsonknife_extract_date('{"time": "23:59:59" }', '.time', 'time' , 'max');
ERROR:  date/time field value out of range: "23:59:5901T00:00:00"
SELECT jsonknife_extract_date('{"time": "00:00:01" }', '.time', 'time' , 'min');
ERROR:  date/time field value out of range: "00:00:0101T00:00:00"
SELECT jsonknife_extract_date('{"time": ["11:00:00", "12:00:00", "13:00:00"] }', '.time', 'time' , 'max');
ERROR:  invalid input syntax for type timestamp with time zone: "11:00:0001T00:00:00"
SELECT jsonknife_extract_date('{"time": ["11:00:00", "12:00:00", "13:00:00"] }', '.time', 'time' , 'min');
ERROR:  invalid input syntax for type timestamp with time zone: "11:00:0001T00:00:00"
SELECT jsonknife_extract_date('{"time": ["23:59:59", "11:00:00", "12:00:00"] }', '.time', 'time' , 'max');
ERROR:  date/time field value out of range: "23:59:5901T00:00:00"
SELECT jsonknife_extract_date('{"time": ["00:00:01", "11:00:00", "12:00:00"] }', '.time', 'time' , 'min');
ERROR:  date/time field value out of range: "00:00:0101T00:00:00"
SELECT jsonknife_extract_date('{"time": ["00:00:01", "11:00:00", "23:59:59"] }', '.time', 'time' , 'min');
ERROR:  date/time field value out of range: "00:00:0101T00:00:00"
SELECT jsonknife_extract_date('{"time": ["00:00:01", "11:00:00", "23:59:59"] }', '.time', 'time' , 'max');
ERROR:  date/time field value out of range: "00:00:0101T00:00:00"
--- Period
SELECT jsonknife_extract_date('{"period": {"start": "1991-01-01", "end": "1991-12-31"}}', '.period', 'Period' , 'max');
          jsonknife_extract_date           
-------------------------------------
 Tue Dec 31 23:59:59.999999 1991 PST
(1 row)

SELECT jsonknife_extract_date('{"period": {"start": "1991-01-01", "end": "1991-12-31"}}', '.period', 'Period' , 'min');
       jsonknife_extract_date       
------------------------------
 Tue Jan 01 00:00:00 1991 PST
(1 row)

SELECT jsonknife_extract_date('{"period": {"start": "1991-01-01"}}', '.period', 'Period' , 'max');
 jsonknife_extract_date 
------------------
 infinity
(1 row)

SELECT jsonknife_extract_date('{"period": {"start": "1991-01-01"}}', '.period', 'Period' , 'min');
       jsonknife_extract_date       
------------------------------
 Tue Jan 01 00:00:00 1991 PST
(1 row)

SELECT jsonknife_extract_date('{"period": {"end": "1991-01-01"}}', '.period', 'Period' , 'max');
          jsonknife_extract_date           
-------------------------------------
 Tue Jan 01 23:59:59.999999 1991 PST
(1 row)

SELECT jsonknife_extract_date('{"period": {"end": "1991-01-01"}}', '.period', 'Period' , 'min');
 jsonknife_extract_date 
------------------
 -infinity
(1 row)

SELECT jsonknife_extract_date('{"period": [{"start": "1991-01-01"},
                                     {"start": "1991-01-01", "end": "1991-12-31"},
                                     {"end":   "1991-12-31"}]}', '.period', 'Period' , 'max');
 jsonknife_extract_date 
------------------
 infinity
(1 row)

SELECT jsonknife_extract_date('{"period": [{"start": "1991-01-01"},
                                     {"start": "1991-01-01", "end": "1991-12-31"},
                                     {"end":   "1991-12-31"}]}', '.period', 'Period' , 'min');
 jsonknife_extract_date 
------------------
 -infinity
(1 row)

select '''{
  "Period":{
    "value": {"start": "1991-01-01", "end": "1991-12-31"},
    "array": [{"start": "1991-01-01", "end": "1991-12-31"},
 						  {"start": "1990-01-01", "end": "1991-12-31"},
							{"start": "1981-01-01"}],
    "where": [{ "code": "value", "value": {"start": "1991-01-01", "end": "1991-12-31"} },
              { "code": "array", "array": [{"start": "1991-01-01", "end": "1991-12-31"},
																					 {"start": "1990-01-01", "end": "1991-12-31"},
																					 {"start": "1981-01-01"}] },
              { "code": "where",
                "where": [ {"code": "value", "value": {"start": "1991-01-01", "end": "1991-12-31"}},
                           {"code": "array", "array": [{"start": "1991-01-01", "end": "1991-12-31"},
																											 {"start": "1990-01-01", "end": "1991-12-31"},
																											 {"start": "1981-01-01"}]} ] } ] }
}''' resource \gset
SELECT jsonknife_extract_date(:resource, '.Period.value', 'Period' , 'max');
          jsonknife_extract_date           
-------------------------------------
 Tue Dec 31 23:59:59.999999 1991 PST
(1 row)

SELECT jsonknife_extract_date(:resource, '.Period.array', 'Period' , 'max');
 jsonknife_extract_date 
------------------
 infinity
(1 row)

SELECT jsonknife_extract_date(:resource, '.Period.where.where(code=value).value', 'Period' , 'max');
          jsonknife_extract_date           
-------------------------------------
 Tue Dec 31 23:59:59.999999 1991 PST
(1 row)

SELECT jsonknife_extract_date(:resource, '.Period.where.where(code=array).array', 'Period' , 'max');
 jsonknife_extract_date 
------------------
 infinity
(1 row)

SELECT jsonknife_extract_date(:resource, '.Period.where.where(code=where).where.where(code=value).value', 'Period' , 'max');
          jsonknife_extract_date           
-------------------------------------
 Tue Dec 31 23:59:59.999999 1991 PST
(1 row)

SELECT jsonknife_extract_date(:resource, '.Period.where.where(code=where).where.where(code=array).array', 'Period' , 'max');
 jsonknife_extract_date 
------------------
 infinity
(1 row)

--- Timing
SELECT jsonknife_extract_date('{"timing": {"event": ["1992-12-31"]}}', '.timing', 'Timing' , 'max');
          jsonknife_extract_date           
-------------------------------------
 Thu Dec 31 23:59:59.999999 1992 PST
(1 row)

SELECT jsonknife_extract_date('{"timing": {"event": ["1992-10-10"]}}', '.timing', 'Timing' , 'max');
          jsonknife_extract_date           
-------------------------------------
 Sat Oct 10 23:59:59.999999 1992 PDT
(1 row)

SELECT jsonknife_extract_date('{"timing": {"event": ["1991-01-01"]}}', '.timing', 'Timing' , 'min');
       jsonknife_extract_date       
------------------------------
 Tue Jan 01 00:00:00 1991 PST
(1 row)

SELECT jsonknife_extract_date('{"timing": {"event": ["1991-01-04"]}}', '.timing', 'Timing' , 'min');
       jsonknife_extract_date       
------------------------------
 Fri Jan 04 00:00:00 1991 PST
(1 row)

SELECT jsonknife_extract_date('{"timing": {"event": ["1993-01-01", "1992-12-31"]}}', '.timing', 'Timing' , 'max');
          jsonknife_extract_date           
-------------------------------------
 Fri Jan 01 23:59:59.999999 1993 PST
(1 row)

SELECT jsonknife_extract_date('{"timing": {"event": ["1993-01-01", "1992-12-31"]}}', '.timing', 'Timing' , 'min');
       jsonknife_extract_date       
------------------------------
 Thu Dec 31 00:00:00 1992 PST
(1 row)

SELECT jsonknife_extract_date('{"timing": [{"event": ["1992-12-31"]}, {"event": ["1993-12-31"]}, {"event": ["1994-12-31"]}]}', '.timing', 'Timing' , 'max');
          jsonknife_extract_date           
-------------------------------------
 Sat Dec 31 23:59:59.999999 1994 PST
(1 row)

SELECT jsonknife_extract_date('{"timing": [{"event": ["1992-01-01"]}, {"event": ["1993-12-31"]}, {"event": ["1994-12-31"]}]}', '.timing', 'Timing' , 'min');
       jsonknife_extract_date       
------------------------------
 Wed Jan 01 00:00:00 1992 PST
(1 row)

SELECT jsonknife_extract_date('{"timing": [{"event": ["1991-01-01", "1992-12-31"]}, {"event": ["1990-01-01", "1995-12-31"]}, {"event": ["1994-12-31"]}]}', '.timing', 'Timing' , 'max');
          jsonknife_extract_date           
-------------------------------------
 Sun Dec 31 23:59:59.999999 1995 PST
(1 row)

SELECT jsonknife_extract_date('{"timing": [{"event": ["1987-01-01", "1992-12-31"]}, {"event": ["1990-01-01", "1995-12-31"]}, {"event": ["1994-12-31"]}]}', '.timing', 'Timing' , 'min');
       jsonknife_extract_date       
------------------------------
 Thu Jan 01 00:00:00 1987 PST
(1 row)

select '''{
  "Timing":{
    "value": {"event": ["1991-01-01", "1992-01-01"]},
    "array": [{"event": ["1991-01-01"]},
						  {"event": ["2000-01-01", "1990-01-01"]},
						  {"event": ["1992-01-01"]}],
    "where": [{ "code": "value", "value": {"event": ["1991-01-01", "1992-01-01"]} },
              { "code": "array", "array": [{"event": ["1991-01-01"]},
																					 {"event": ["2000-01-01", "1990-01-01"]},
																					 {"event": ["1992-01-01"]}] },
              { "code": "where",
                "where": [ {"code": "value", "value": {"event": ["1991-01-01", "1992-01-01"]}},
                           {"code": "array", "array": [{"event": ["1991-01-01"]},
																											 {"event": ["2000-01-01", "1990-01-01"]},
																											 {"event": ["1992-01-01"]}]} ] } ] }
}''' resource \gset
SELECT jsonknife_extract_date(:resource, '.Timing.value', 'Timing' , 'max');
          jsonknife_extract_date           
-------------------------------------
 Wed Jan 01 23:59:59.999999 1992 PST
(1 row)

SELECT jsonknife_extract_date(:resource, '.Timing.array', 'Timing' , 'max');
          jsonknife_extract_date           
-------------------------------------
 Sat Jan 01 23:59:59.999999 2000 PST
(1 row)

SELECT jsonknife_extract_date(:resource, '.Timing.where.where(code=value).value', 'Timing' , 'max');
          jsonknife_extract_date           
-------------------------------------
 Wed Jan 01 23:59:59.999999 1992 PST
(1 row)

SELECT jsonknife_extract_date(:resource, '.Timing.where.where(code=array).array', 'Timing' , 'max');
          jsonknife_extract_date           
-------------------------------------
 Sat Jan 01 23:59:59.999999 2000 PST
(1 row)

SELECT jsonknife_extract_date(:resource, '.Timing.where.where(code=where).where.where(code=value).value', 'Timing' , 'max');
          jsonknife_extract_date           
-------------------------------------
 Wed Jan 01 23:59:59.999999 1992 PST
(1 row)

SELECT jsonknife_extract_date(:resource, '.Timing.where.where(code=where).where.where(code=array).array', 'Timing' , 'max');
          jsonknife_extract_date           
-------------------------------------
 Sat Jan 01 23:59:59.999999 2000 PST
(1 row)

SET TIME ZONE '+03';
SELECT fhirpath_date_bound('2005-08-09T13:30:42Z',  'min');
     fhirpath_date_bound      
------------------------------
 Tue Aug 09 16:30:42 2005 +03
(1 row)

SELECT fhirpath_date_bound('2005-08-09T13:30:42Z',  'max');
         fhirpath_date_bound         
-------------------------------------
 Tue Aug 09 16:30:42.999999 2005 +03
(1 row)

SELECT fhirpath_date_bound('2005-08-09T13:30:42+03', 'min');
     fhirpath_date_bound      
------------------------------
 Tue Aug 09 13:30:42 2005 +03
(1 row)

SELECT fhirpath_date_bound('2005-08-09T13:30:42+03', 'max');
         fhirpath_date_bound         
-------------------------------------
 Tue Aug 09 13:30:42.999999 2005 +03
(1 row)

SELECT jsonknife_extract_date('{"a": "2005-08-09T13:00:00+03"}', '.a', 'date', 'min');
       jsonknife_extract_date       
------------------------------
 Tue Aug 09 13:00:00 2005 +03
(1 row)

SELECT jsonknife_extract_date('{"a": "2005-08-09T13:00:00Z"}', '.a', 'date', 'min');
       jsonknife_extract_date       
------------------------------
 Tue Aug 09 16:00:00 2005 +03
(1 row)

SET TIME ZONE 'utc';
SELECT fhirpath_date_bound('2005-08-09T13:30:42Z',  'min');
     fhirpath_date_bound      
------------------------------
 Tue Aug 09 13:30:42 2005 UTC
(1 row)

SELECT fhirpath_date_bound('2005-08-09T13:30:42Z',  'max');
         fhirpath_date_bound         
-------------------------------------
 Tue Aug 09 13:30:42.999999 2005 UTC
(1 row)

SELECT fhirpath_date_bound('2005-08-09T13:30:42+03', 'min');
     fhirpath_date_bound      
------------------------------
 Tue Aug 09 10:30:42 2005 UTC
(1 row)

SELECT fhirpath_date_bound('2005-08-09T13:30:42+03', 'max');
         fhirpath_date_bound         
-------------------------------------
 Tue Aug 09 10:30:42.999999 2005 UTC
(1 row)

SELECT jsonknife_extract_date('{"a": "2005-08-09T13:00:00+03"}', '.a', 'date', 'min');
       jsonknife_extract_date       
------------------------------
 Tue Aug 09 10:00:00 2005 UTC
(1 row)

SELECT jsonknife_extract_date('{"a": "2005-08-09T13:00:00Z"}', '.a', 'date', 'min');
       jsonknife_extract_date       
------------------------------
 Tue Aug 09 13:00:00 2005 UTC
(1 row)

SELECT jsonknife_extract_date('{"a": "2005-08-09T13:00:00Z"}', '.a', 'date', 'min');
       jsonknife_extract_date       
------------------------------
 Tue Aug 09 13:00:00 2005 UTC
(1 row)

SELECT jsonknife_extract_date('{"a": "2005-08-09T13:00:00Z"}', '.a', 'date', 'min');
       jsonknife_extract_date       
------------------------------
 Tue Aug 09 13:00:00 2005 UTC
(1 row)

SELECT jsonknife_extract_date('{"a": "2005-08-09T13"}', '.a', 'date', 'min');
       jsonknife_extract_date       
------------------------------
 Tue Aug 09 13:00:00 2005 UTC
(1 row)

SELECT jsonknife_extract_date('{"a": "2005-08-09T13:0"}', '.a', 'date', 'min');
       jsonknife_extract_date       
------------------------------
 Tue Aug 09 13:00:00 2005 UTC
(1 row)

SELECT jsonknife_extract_date('{"a": "2005-08-09T13:00"}', '.a', 'date', 'min');
       jsonknife_extract_date       
------------------------------
 Tue Aug 09 13:00:00 2005 UTC
(1 row)

SELECT jsonknife_extract_date('{"a": "2005-08-09T13:00:00"}', '.a', 'date', 'min');
       jsonknife_extract_date       
------------------------------
 Tue Aug 09 13:00:00 2005 UTC
(1 row)

SELECT jsonknife_extract_date('{"a": "2005-08-09T13:00:0"}', '.a', 'date', 'min');
       jsonknife_extract_date       
------------------------------
 Tue Aug 09 13:00:00 2005 UTC
(1 row)

SELECT jsonknife_extract_date('{"a": "2005-08-09T13:00:00Z"}', '.a', 'date', 'min');
       jsonknife_extract_date       
------------------------------
 Tue Aug 09 13:00:00 2005 UTC
(1 row)

SELECT jsonknife_extract_date('{"a": "2005-08-09T11:00:00+11"}', '.a', 'date', 'min');
       jsonknife_extract_date       
------------------------------
 Tue Aug 09 00:00:00 2005 UTC
(1 row)

SELECT jsonknife_extract_date('{"a": "2005-08-09T11:00:00+11"}', '.a', 'date', 'max');
          jsonknife_extract_date           
-------------------------------------
 Tue Aug 09 00:00:00.999999 2005 UTC
(1 row)

SELECT fhirpath_date_bound('2005-08-09T11:00:00+11', 'min');
     fhirpath_date_bound      
------------------------------
 Tue Aug 09 00:00:00 2005 UTC
(1 row)

SELECT fhirpath_date_bound('2005-08-09T11:00:00+11', 'max');
         fhirpath_date_bound         
-------------------------------------
 Tue Aug 09 00:00:00.999999 2005 UTC
(1 row)

SELECT jsonknife_extract_date('{"a": "2005-08-09T11:00:00+11"}', '.a', 'date', 'max') <= fhirpath_date_bound('2005-08-09T11:00:00+11', 'max');
 ?column? 
----------
 t
(1 row)

SELECT jsonknife_extract_date('{"a": "2005-08-09T11:00:00+11"}', '.a', 'date', 'min') >= fhirpath_date_bound('2005-08-09T11:00:00+11', 'min');
 ?column? 
----------
 t
(1 row)

SELECT jsonknife_extract_date('{"a": {"start": "2005-08-09T11:00:00+11"}}', '.a', 'Period', 'min');
       jsonknife_extract_date       
------------------------------
 Tue Aug 09 00:00:00 2005 UTC
(1 row)

SELECT jsonknife_extract_date('{"a": {"start": "2005-08-09T11:00:00+11"}}', '.a', 'Period', 'min') >= fhirpath_date_bound('2005-08-09T11:00:00+11', 'min');
 ?column? 
----------
 t
(1 row)

SELECT jsonknife_extract_date('{"a": {"end": "2005-08-09T12:00:00+11"}}', '.a', 'Period', 'max');
          jsonknife_extract_date           
-------------------------------------
 Tue Aug 09 01:00:00.999999 2005 UTC
(1 row)

SELECT jsonknife_extract_date('{"a": {"end": "2005-08-09T12:00:00+11"}}', '.a', 'Period', 'max') <= fhirpath_date_bound('2005-08-09T12:00:00+11', 'min');
 ?column? 
----------
 f
(1 row)

SELECT fhirpath_date_bound('2005-08-09T09:00:00+11', 'min');
     fhirpath_date_bound      
------------------------------
 Mon Aug 08 22:00:00 2005 UTC
(1 row)

-- should not be 2006
SELECT fhirpath_date_bound('2005', 'max');
         fhirpath_date_bound         
-------------------------------------
 Sat Dec 31 23:59:59.999999 2005 UTC
(1 row)

SELECT fhirpath_date_bound('2005-03', 'max');
         fhirpath_date_bound         
-------------------------------------
 Thu Mar 31 23:59:59.999999 2005 UTC
(1 row)

SELECT fhirpath_date_bound('2005-02', 'max');
         fhirpath_date_bound         
-------------------------------------
 Mon Feb 28 23:59:59.999999 2005 UTC
(1 row)

SELECT fhirpath_date_bound('2005-03-03', 'max');
         fhirpath_date_bound         
-------------------------------------
 Thu Mar 03 23:59:59.999999 2005 UTC
(1 row)

SELECT fhirpath_date_bound('2005-03-03T10:00', 'max');
         fhirpath_date_bound         
-------------------------------------
 Thu Mar 03 10:00:59.999999 2005 UTC
(1 row)

SELECT fhirpath_date_bound('2005-03-03T10', 'max');
         fhirpath_date_bound         
-------------------------------------
 Thu Mar 03 10:59:59.999999 2005 UTC
(1 row)

SELECT fhirpath_date_bound('2005-03-03T10:00:00', 'max');
         fhirpath_date_bound         
-------------------------------------
 Thu Mar 03 10:00:00.999999 2005 UTC
(1 row)

SELECT fhirpath_date_bound('2005-03-03T10:00:00.5', 'max');
         fhirpath_date_bound         
-------------------------------------
 Thu Mar 03 10:00:00.599999 2005 UTC
(1 row)

SELECT fhirpath_date_bound('2005-03-03T10:00:00.55', 'max');
         fhirpath_date_bound         
-------------------------------------
 Thu Mar 03 10:00:00.559999 2005 UTC
(1 row)

SELECT fhirpath_date_bound('2005-03-03T10:00:00.555', 'max');
         fhirpath_date_bound         
-------------------------------------
 Thu Mar 03 10:00:00.555999 2005 UTC
(1 row)

SELECT fhirpath_date_bound('2005-03-03T10:00:00.5555', 'max');
         fhirpath_date_bound         
-------------------------------------
 Thu Mar 03 10:00:00.555599 2005 UTC
(1 row)

SELECT fhirpath_date_bound('2005-03-03T10:00:00.55555', 'max');
         fhirpath_date_bound         
-------------------------------------
 Thu Mar 03 10:00:00.555559 2005 UTC
(1 row)

-- should not interesect
SELECT fhirpath_date_bound('2005', 'max') < fhirpath_date_bound('2006', 'min');
 ?column? 
----------
 t
(1 row)

SELECT fhirpath_date_bound('1979', 'max');
         fhirpath_date_bound         
-------------------------------------
 Mon Dec 31 23:59:59.999999 1979 UTC
(1 row)

SELECT fhirpath_date_bound('1980', 'min');
     fhirpath_date_bound      
------------------------------
 Tue Jan 01 00:00:00 1980 UTC
(1 row)

SELECT fhirpath_date_bound('1979', 'max') < fhirpath_date_bound('1980', 'min');
 ?column? 
----------
 t
(1 row)

SELECT jsonknife_extract_date('{"propPeriod": {"end": "2005-08-09T12:00:00+11"}}', '.prop', 'Polymorphic', 'max');
          jsonknife_extract_date           
-------------------------------------
 Tue Aug 09 01:00:00.999999 2005 UTC
(1 row)

-- poly
select jsonknife_extract_date('{"performedPeriod": {"start": "1991-01-01", "end": "1991-12-31"}}', '.performed', 'Polymorphic', 'max');
          jsonknife_extract_date           
-------------------------------------
 Tue Dec 31 23:59:59.999999 1991 UTC
(1 row)

select jsonknife_extract_date('{"performedDateTime": "1980-02-05T08:30"}', '.performed', 'Polymorphic', 'min');
       jsonknife_extract_date       
------------------------------
 Tue Feb 05 08:30:00 1980 UTC
(1 row)

select jsonknife_extract_date('{"arr": [
{"code":"code_1", "performedPeriod": {"start": "1993-01-01", "end": "1993-12-31"}},
{"code":"code_2", "performedPeriod": {"start": "1991-01-01", "end": "1991-12-31"}}
]}', '.arr.where(code=code_1).performed', 'Polymorphic', 'max');
          jsonknife_extract_date           
-------------------------------------
 Fri Dec 31 23:59:59.999999 1993 UTC
(1 row)

SELECT jsonknife_extract_date('{"activity": {"detail": {"scheduledTiming": {"event": ["2017-02-12T00:00:00.000Z"]}}}}', '.activity.detail.scheduled', 'Polymorphic', 'max');
          jsonknife_extract_date           
-------------------------------------
 Sun Feb 12 00:00:00.999999 2017 UTC
(1 row)

SELECT jsonknife_extract_date('{"activity": {"detail": {"scheduledString": "some human date as string"}}}', '.activity.detail.scheduled', 'Polymorphic', 'max');
ERROR:  invalid input syntax for type timestamp with time zone: "some human date as string"
SELECT jsonknife_extract_date('{"activity": {"detail": {"scheduled": {"event": ["2017-02-12T00:00:00.000Z"]}}}}', '.activity.detail.scheduled', 'Polymorphic', 'max') is null;
WARNING:  I do not know how to get datetime from {"event": ["2017-02-12T00:00:00.000Z"]}
 ?column? 
----------
 t
(1 row)

